// Jest Snapshot v1, https://goo.gl/fbAQLP

exports[`renders correctly 1`] = `
<div>
  <select>
    <option
      value="and"
    >
      and
    </option>
    <option
      value="or"
    >
      or
    </option>
  </select>
</div>
`;
